// Jest Snapshot v1, https://goo.gl/fbAQLP

exports[`BooleanInput renders correctly 1`] = `ShallowWrapper {}`;
