// Jest Snapshot v1, https://goo.gl/fbAQLP

exports[`DialogueBox renders correctly 1`] = `ShallowWrapper {}`;
